try -> catch -> finally -> after
from try / from finally / finally won
ImportFailed: row 7 of amounts.csv could not be imported
  caused by InvalidArgumentException: not an integer: 12x
  source: amounts.csv row: 7
argument problem: TypeError
argument problem: ValueError
something else: RuntimeException
