 id |    day     | amount | running_total 
----+------------+--------+---------------
  1 | 2026-01-01 |  10.00 |         10.00
  2 | 2026-01-02 |  20.00 |         30.00
  3 | 2026-01-02 |  30.00 |         60.00
  4 | 2026-01-03 |  40.00 |        100.00
(4 rows)

 id |    day     | amount | running_total_by_range 
----+------------+--------+------------------------
  1 | 2026-01-01 |  10.00 |                  10.00
  2 | 2026-01-02 |  20.00 |                  60.00
  3 | 2026-01-02 |  30.00 |                  60.00
  4 | 2026-01-03 |  40.00 |                 100.00
(4 rows)

 id |    day     | amount | running_total_by_rows 
----+------------+--------+-----------------------
  1 | 2026-01-01 |  10.00 |                 10.00
  2 | 2026-01-02 |  20.00 |                 30.00
  3 | 2026-01-02 |  30.00 |                 60.00
  4 | 2026-01-03 |  40.00 |                100.00
(4 rows)

 id |    day     | amount | day_total | running_total 
----+------------+--------+-----------+---------------
  1 | 2026-01-01 |  10.00 |     10.00 |         10.00
  2 | 2026-01-02 |  20.00 |     50.00 |         30.00
  3 | 2026-01-02 |  30.00 |     50.00 |         60.00
  4 | 2026-01-03 |  40.00 |     40.00 |        100.00
(4 rows)

