base   [0 1 2 3 4 5 6 7] len=8 cap=8
head   [0 1 2] len=3 cap=8
head shares storage with base: true
after append to head, base is [0 1 2 100 4 5 6 7]
guarded [0 1 2] len=3 cap=3
append had to grow: true
base untouched: [0 1 2 3 4 5 6 7]
guarded still shares with base: false
copied 8 elements; base [0 1 2 3 4 5 6 7] independent [42 1 2 3 4 5 6 7]
copy into len 3 moved 3 elements: [0 1 2]
